2026-05-12 22:50:43.598 [PLAYER_STATE] ffmpeg_mode=PREFER
2026-05-12 22:51:14.207 [PLAYER_STATE] state=BUFFERING isLoading=false playWhenReady=false isPlaying=false suppression=0 playerError=null videoSize=0x0 url=https://o.avff.ru/play/ilook/a85e29a4d652d52a.m3u8?token=XtviAIL9nyGvAlUv
2026-05-12 22:51:14.214 [PLAYER_MEM] stage=state_buffering usedMb=10 totalMb=15 freeMb=5 maxMb=256 url=https://o.avff.ru/play/ilook/a85e29a4d652d52a.m3u8?token=XtviAIL9nyGvAlUv
2026-05-12 22:51:14.222 [PLAYER_STATE] onPlayWhenReadyChanged playWhenReady=true reason=1 url=https://o.avff.ru/play/ilook/a85e29a4d652d52a.m3u8?token=XtviAIL9nyGvAlUv
2026-05-12 22:51:14.226 [PLAYER_MEM] stage=play_channel_start usedMb=10 totalMb=15 freeMb=5 maxMb=256 url=https://o.avff.ru/play/ilook/a85e29a4d652d52a.m3u8?token=XtviAIL9nyGvAlUv
2026-05-12 22:51:14.331 [PLAYER_MEM] stage=periodic usedMb=11 totalMb=15 freeMb=4 maxMb=256 url=https://o.avff.ru/play/ilook/a85e29a4d652d52a.m3u8?token=XtviAIL9nyGvAlUv
2026-05-12 22:51:14.332 [PLAYER_PROGRESS] stage=periodic posMs=0 bufferedPosMs=0 totalBufferedMs=0 isPlaying=false isLoading=false playWhenReady=true state=2 url=https://o.avff.ru/play/ilook/a85e29a4d652d52a.m3u8?token=XtviAIL9nyGvAlUv
2026-05-12 22:51:14.347 [PLAYER_NET] onLoadStarted type=4 trackType=-1 uri=https://o.avff.ru/play/ilook/a85e29a4d652d52a.m3u8?token=XtviAIL9nyGvAlUv url=https://o.avff.ru/play/ilook/a85e29a4d652d52a.m3u8?token=XtviAIL9nyGvAlUv
2026-05-12 22:51:16.802 [PLAYER_HLS] manifest status=200 finalUrl=https://o.avff.ru/play/ilook/a85e29a4d652d52a.m3u8?token=XtviAIL9nyGvAlUv contentType=text/plain; charset=utf-8 headers={null=[HTTP/1.1 200 OK], Access-Control-Allow-Origin=[*], Cache-Control=[no-cache], Connection=[keep-alive], Content-Type=[text/plain; charset=utf-8], Date=[Tue, 12 May 2026 19:51:16 GMT], Server=[nginx/1.24.0 (Ubuntu)], Transfer-Encoding=[chunked], X-Android-Received-Millis=[1778615476789], X-Android-Response-Source=[NETWORK 200], X-Android-Selected-Protocol=[http/1.1], X-Android-Sent-Millis=[1778615474860]}
2026-05-12 22:51:16.813 [PLAYER_HLS] manifest head:
#EXTM3U
#EXT-X-VERSION:3
#EXT-X-MEDIA-SEQUENCE:324657
#EXT-X-TARGETDURATION:11
#EXTINF:10.200000,
https://ott-prox.avff.ru/ilts/77.72.23.226/iptv/CKC66K2MLNKBGS/10021/1778615425000.ts?md5=QnxCjGDN_74h9pII9BntHg
#EXTINF:10.080000,
https://ott-prox.avff.ru/ilts/77.72.23.226/iptv/CKC66K2MLNKBGS/10021/1778615436000.ts?md5=QnxCjGDN_74h9pII9BntHg
#EXTINF:10.080000,
https://ott-prox.avff.ru/ilts/77.72.23.226/iptv/CKC66K2MLNKBGS/10021/1778615446000.ts?md5=QnxCjGDN_74h9pII9BntHg
#EXTINF:10.400000,
https://ott-prox.avff.ru/ilts/77.72.23.226/iptv/CKC66K2MLNKBGS/10021/1778615456000.ts?md5=QnxCjGDN_74h9pII9BntHg
#EXTINF:10.080000,
https://ott-prox.avff.ru/ilts/77.72.23.226/iptv/CKC66K2MLNKBGS/10021/1778615466000.ts?md5=QnxCjGDN_74h9pII9BntHg

2026-05-12 22:51:16.818 [PLAYER_HLS] variantLines=[]
2026-05-12 22:51:16.823 [PLAYER_HLS] segmentLines=[https://ott-prox.avff.ru/ilts/77.72.23.226/iptv/CKC66K2MLNKBGS/10021/1778615425000.ts?md5=QnxCjGDN_74h9pII9BntHg, https://ott-prox.avff.ru/ilts/77.72.23.226/iptv/CKC66K2MLNKBGS/10021/1778615436000.ts?md5=QnxCjGDN_74h9pII9BntHg, https://ott-prox.avff.ru/ilts/77.72.23.226/iptv/CKC66K2MLNKBGS/10021/1778615446000.ts?md5=QnxCjGDN_74h9pII9BntHg, https://ott-prox.avff.ru/ilts/77.72.23.226/iptv/CKC66K2MLNKBGS/10021/1778615456000.ts?md5=QnxCjGDN_74h9pII9BntHg, https://ott-prox.avff.ru/ilts/77.72.23.226/iptv/CKC66K2MLNKBGS/10021/1778615466000.ts?md5=QnxCjGDN_74h9pII9BntHg]
2026-05-12 22:51:16.827 [PLAYER_HLS] hasMap=false hasKey=false targetDuration=#EXT-X-TARGETDURATION:11 mediaSequence=#EXT-X-MEDIA-SEQUENCE:324657
2026-05-12 22:51:16.831 [PLAYER_HLS] single-variant TS playlist detected; device may struggle with 1080p AVC High profile streams
2026-05-12 22:51:16.851 [PLAYER_NET] onLoadStarted type=4 trackType=-1 uri=https://o.avff.ru/play/ilook/a85e29a4d652d52a.m3u8?token=XtviAIL9nyGvAlUv url=https://o.avff.ru/play/ilook/a85e29a4d652d52a.m3u8?token=XtviAIL9nyGvAlUv
2026-05-12 22:51:16.861 [PLAYER_NET] onLoadStarted type=1 trackType=0 uri=https://ott-prox.avff.ru/ilts/77.72.23.226/iptv/CKC66K2MLNKBGS/10021/1778615456000.ts?md5=QnxCjGDN_74h9pII9BntHg url=https://o.avff.ru/play/ilook/a85e29a4d652d52a.m3u8?token=XtviAIL9nyGvAlUv
2026-05-12 22:51:16.865 [PLAYER_NET] onLoadCompleted type=4 trackType=-1 uri=https://o.avff.ru/play/ilook/a85e29a4d652d52a.m3u8?token=XtviAIL9nyGvAlUv bytes=1003 loadMs=2595 headers={null=[HTTP/1.1 200 OK], Access-Control-Allow-Origin=[*], Cache-Control=[no-cache], Connection=[keep-alive], Content-Type=[text/plain; charset=utf-8], Date=[Tue, 12 May 2026 19:51:16 GMT], Server=[nginx/1.24.0 (Ubuntu)], Transfer-Encoding=[chunked], X-Android-Received-Millis=[1778615476813], X-Android-Response-Source=[NETWORK 200], X-Android-Selected-Protocol=[http/1.1], X-Android-Sent-Millis=[1778615474869]} url=https://o.avff.ru/play/ilook/a85e29a4d652d52a.m3u8?token=XtviAIL9nyGvAlUv
2026-05-12 22:51:18.506 [PLAYER_DECODER] stage=video_enabled renderedOutputBufferCount=0 skippedOutputBufferCount=0 droppedBufferCount=0 droppedToKeyframeCount=0 maxConsecutiveDroppedBufferCount=0 url=https://o.avff.ru/play/ilook/a85e29a4d652d52a.m3u8?token=XtviAIL9nyGvAlUv
2026-05-12 22:51:18.520 [PLAYER_FORMAT] trackGroups=4 url=https://o.avff.ru/play/ilook/a85e29a4d652d52a.m3u8?token=XtviAIL9nyGvAlUv
2026-05-12 22:51:18.523 [PLAYER_FORMAT] video codec=avc1.640028 sampleMime=video/avc containerMime= bitrate=-1 size=1920x1080 lang= id=0 url=https://o.avff.ru/play/ilook/a85e29a4d652d52a.m3u8?token=XtviAIL9nyGvAlUv
2026-05-12 22:51:18.526 [PLAYER_FORMAT] audio codec=audio/mpeg-L2 sampleMime=audio/mpeg-L2 containerMime= bitrate=-1 size=-1x-1 lang=ru id=1/4 url=https://o.avff.ru/play/ilook/a85e29a4d652d52a.m3u8?token=XtviAIL9nyGvAlUv
2026-05-12 22:51:18.530 [PLAYER_FORMAT] track codec=application/id3 sampleMime=application/id3 containerMime= bitrate=-1 size=-1x-1 lang= id= url=https://o.avff.ru/play/ilook/a85e29a4d652d52a.m3u8?token=XtviAIL9nyGvAlUv
2026-05-12 22:51:18.533 [PLAYER_STATE] mpeg-l2 audio detected before first frame, switching to video-only fallback
2026-05-12 22:51:18.546 [PLAYER_MEM] stage=retry_without_audio_start usedMb=19 totalMb=24 freeMb=5 maxMb=256 url=https://o.avff.ru/play/ilook/a85e29a4d652d52a.m3u8?token=XtviAIL9nyGvAlUv
2026-05-12 22:51:18.549 [PLAYER_STATE] state=IDLE isLoading=true playWhenReady=true isPlaying=false suppression=0 playerError=null videoSize=0x0 url=https://o.avff.ru/play/ilook/a85e29a4d652d52a.m3u8?token=XtviAIL9nyGvAlUv
2026-05-12 22:51:18.552 [PLAYER_FORMAT] trackGroups=0 url=https://o.avff.ru/play/ilook/a85e29a4d652d52a.m3u8?token=XtviAIL9nyGvAlUv
2026-05-12 22:51:18.555 [PLAYER_STATE] state=BUFFERING isLoading=true playWhenReady=true isPlaying=false suppression=0 playerError=null videoSize=0x0 url=https://o.avff.ru/play/ilook/a85e29a4d652d52a.m3u8?token=XtviAIL9nyGvAlUv
2026-05-12 22:51:18.556 [PLAYER_MEM] stage=state_buffering usedMb=19 totalMb=24 freeMb=5 maxMb=256 url=https://o.avff.ru/play/ilook/a85e29a4d652d52a.m3u8?token=XtviAIL9nyGvAlUv
2026-05-12 22:51:18.560 [PLAYER_MEM] stage=periodic usedMb=19 totalMb=24 freeMb=5 maxMb=256 url=https://o.avff.ru/play/ilook/a85e29a4d652d52a.m3u8?token=XtviAIL9nyGvAlUv
2026-05-12 22:51:18.561 [PLAYER_PROGRESS] stage=periodic posMs=0 bufferedPosMs=0 totalBufferedMs=0 isPlaying=false isLoading=true playWhenReady=true state=2 url=https://o.avff.ru/play/ilook/a85e29a4d652d52a.m3u8?token=XtviAIL9nyGvAlUv
2026-05-12 22:51:18.926 [PLAYER_STATE] videoDecoderInitialized decoder=OMX.qcom.video.decoder.avc initMs=411 url=https://o.avff.ru/play/ilook/a85e29a4d652d52a.m3u8?token=XtviAIL9nyGvAlUv
2026-05-12 22:51:18.938 [PLAYER_STATE] audioDecoderInitialized decoder=ffmpegLavc60.3.100-mp3 initMs=15 url=https://o.avff.ru/play/ilook/a85e29a4d652d52a.m3u8?token=XtviAIL9nyGvAlUv
2026-05-12 22:51:18.948 [PLAYER_NET] onLoadCompleted type=4 trackType=-1 uri=https://o.avff.ru/play/ilook/a85e29a4d652d52a.m3u8?token=XtviAIL9nyGvAlUv bytes=1399 loadMs=2089 headers={null=[HTTP/1.1 200 OK], Access-Control-Allow-Origin=[*], Cache-Control=[no-cache], Connection=[keep-alive], Content-Type=[text/plain; charset=utf-8], Date=[Tue, 12 May 2026 19:51:18 GMT], Server=[nginx/1.24.0 (Ubuntu)], Transfer-Encoding=[chunked], X-Android-Received-Millis=[1778615478239], X-Android-Response-Source=[NETWORK 200], X-Android-Selected-Protocol=[http/1.1], X-Android-Sent-Millis=[1778615476852]} url=https://o.avff.ru/play/ilook/a85e29a4d652d52a.m3u8?token=XtviAIL9nyGvAlUv
2026-05-12 22:51:18.994 [PLAYER_DECODER] stage=video_disabled renderedOutputBufferCount=0 skippedOutputBufferCount=0 droppedBufferCount=0 droppedToKeyframeCount=0 maxConsecutiveDroppedBufferCount=0 url=https://o.avff.ru/play/ilook/a85e29a4d652d52a.m3u8?token=XtviAIL9nyGvAlUv
2026-05-12 22:51:19.006 [PLAYER_NET] onLoadCanceled type=1 trackType=0 uri=https://ott-prox.avff.ru/ilts/77.72.23.226/iptv/CKC66K2MLNKBGS/10021/1778615456000.ts?md5=QnxCjGDN_74h9pII9BntHg bytes=4882124 loadMs=2144 url=https://o.avff.ru/play/ilook/a85e29a4d652d52a.m3u8?token=XtviAIL9nyGvAlUv
2026-05-12 22:51:19.016 [PLAYER_NET] onLoadStarted type=4 trackType=-1 uri=https://o.avff.ru/play/ilook/a85e29a4d652d52a.m3u8?token=XtviAIL9nyGvAlUv url=https://o.avff.ru/play/ilook/a85e29a4d652d52a.m3u8?token=XtviAIL9nyGvAlUv
2026-05-12 22:51:19.399 [PLAYER_NET] onLoadStarted type=4 trackType=-1 uri=https://o.avff.ru/play/ilook/a85e29a4d652d52a.m3u8?token=XtviAIL9nyGvAlUv url=https://o.avff.ru/play/ilook/a85e29a4d652d52a.m3u8?token=XtviAIL9nyGvAlUv
2026-05-12 22:51:19.401 [PLAYER_NET] onLoadStarted type=1 trackType=0 uri=https://ott-prox.avff.ru/ilts/77.72.19.202/iptv/CKC66K2MLNKBGS/10021/1778615374000.ts?md5=eD23HRnnngEZwFAoKfS5bg url=https://o.avff.ru/play/ilook/a85e29a4d652d52a.m3u8?token=XtviAIL9nyGvAlUv
2026-05-12 22:51:19.403 [PLAYER_NET] onLoadCompleted type=4 trackType=-1 uri=https://o.avff.ru/play/ilook/a85e29a4d652d52a.m3u8?token=XtviAIL9nyGvAlUv bytes=1399 loadMs=379 headers={null=[HTTP/1.1 200 OK], Access-Control-Allow-Origin=[*], Cache-Control=[no-cache], Connection=[keep-alive], Content-Type=[text/plain; charset=utf-8], Date=[Tue, 12 May 2026 19:51:19 GMT], Server=[nginx/1.24.0 (Ubuntu)], Transfer-Encoding=[chunked], X-Android-Received-Millis=[1778615479380], X-Android-Response-Source=[NETWORK 200], X-Android-Selected-Protocol=[http/1.1], X-Android-Sent-Millis=[1778615479013]} url=https://o.avff.ru/play/ilook/a85e29a4d652d52a.m3u8?token=XtviAIL9nyGvAlUv
2026-05-12 22:51:19.746 [PLAYER_NET] onLoadCompleted type=4 trackType=-1 uri=https://o.avff.ru/play/ilook/a85e29a4d652d52a.m3u8?token=XtviAIL9nyGvAlUv bytes=1399 loadMs=346 headers={null=[HTTP/1.1 200 OK], Access-Control-Allow-Origin=[*], Cache-Control=[no-cache], Connection=[keep-alive], Content-Type=[text/plain; charset=utf-8], Date=[Tue, 12 May 2026 19:51:19 GMT], Server=[nginx/1.24.0 (Ubuntu)], Transfer-Encoding=[chunked], X-Android-Received-Millis=[1778615479731], X-Android-Response-Source=[NETWORK 200], X-Android-Selected-Protocol=[http/1.1], X-Android-Sent-Millis=[1778615479400]} url=https://o.avff.ru/play/ilook/a85e29a4d652d52a.m3u8?token=XtviAIL9nyGvAlUv
2026-05-12 22:51:20.460 [PLAYER_DECODER] stage=video_enabled renderedOutputBufferCount=0 skippedOutputBufferCount=0 droppedBufferCount=0 droppedToKeyframeCount=0 maxConsecutiveDroppedBufferCount=0 url=https://o.avff.ru/play/ilook/a85e29a4d652d52a.m3u8?token=XtviAIL9nyGvAlUv
2026-05-12 22:51:20.471 [PLAYER_FORMAT] trackGroups=4 url=https://o.avff.ru/play/ilook/a85e29a4d652d52a.m3u8?token=XtviAIL9nyGvAlUv
2026-05-12 22:51:20.476 [PLAYER_FORMAT] video codec=avc1.640028 sampleMime=video/avc containerMime= bitrate=-1 size=1920x1080 lang= id=0 url=https://o.avff.ru/play/ilook/a85e29a4d652d52a.m3u8?token=XtviAIL9nyGvAlUv
2026-05-12 22:51:20.482 [PLAYER_FORMAT] track codec=application/id3 sampleMime=application/id3 containerMime= bitrate=-1 size=-1x-1 lang= id= url=https://o.avff.ru/play/ilook/a85e29a4d652d52a.m3u8?token=XtviAIL9nyGvAlUv
2026-05-12 22:51:20.553 [PLAYER_STATE] videoDecoderInitialized decoder=OMX.qcom.video.decoder.avc initMs=91 url=https://o.avff.ru/play/ilook/a85e29a4d652d52a.m3u8?token=XtviAIL9nyGvAlUv
2026-05-12 22:51:23.565 [PLAYER_MEM] stage=periodic usedMb=33 totalMb=41 freeMb=8 maxMb=256 url=https://o.avff.ru/play/ilook/a85e29a4d652d52a.m3u8?token=XtviAIL9nyGvAlUv
2026-05-12 22:51:23.571 [PLAYER_PROGRESS] stage=periodic posMs=61480 bufferedPosMs=64696 totalBufferedMs=3216 isPlaying=false isLoading=true playWhenReady=true state=2 url=https://o.avff.ru/play/ilook/a85e29a4d652d52a.m3u8?token=XtviAIL9nyGvAlUv
2026-05-12 22:51:24.901 [PLAYER_NET] onLoadStarted type=4 trackType=-1 uri=https://o.avff.ru/play/ilook/a85e29a4d652d52a.m3u8?token=XtviAIL9nyGvAlUv url=https://o.avff.ru/play/ilook/a85e29a4d652d52a.m3u8?token=XtviAIL9nyGvAlUv
2026-05-12 22:51:25.199 [PLAYER_NET] onLoadCompleted type=4 trackType=-1 uri=https://o.avff.ru/play/ilook/a85e29a4d652d52a.m3u8?token=XtviAIL9nyGvAlUv bytes=1398 loadMs=300 headers={null=[HTTP/1.1 200 OK], Access-Control-Allow-Origin=[*], Cache-Control=[no-cache], Connection=[keep-alive], Content-Type=[text/plain; charset=utf-8], Date=[Tue, 12 May 2026 19:51:24 GMT], Server=[nginx/1.24.0 (Ubuntu)], Transfer-Encoding=[chunked], X-Android-Received-Millis=[1778615485187], X-Android-Response-Source=[NETWORK 200], X-Android-Selected-Protocol=[http/1.1], X-Android-Sent-Millis=[1778615484900]} url=https://o.avff.ru/play/ilook/a85e29a4d652d52a.m3u8?token=XtviAIL9nyGvAlUv
2026-05-12 22:51:28.577 [PLAYER_MEM] stage=periodic usedMb=41 totalMb=49 freeMb=8 maxMb=256 url=https://o.avff.ru/play/ilook/a85e29a4d652d52a.m3u8?token=XtviAIL9nyGvAlUv
2026-05-12 22:51:28.583 [PLAYER_PROGRESS] stage=periodic posMs=61480 bufferedPosMs=65656 totalBufferedMs=4176 isPlaying=false isLoading=true playWhenReady=true state=2 url=https://o.avff.ru/play/ilook/a85e29a4d652d52a.m3u8?token=XtviAIL9nyGvAlUv
2026-05-12 22:51:30.401 [PLAYER_NET] onLoadStarted type=4 trackType=-1 uri=https://o.avff.ru/play/ilook/a85e29a4d652d52a.m3u8?token=XtviAIL9nyGvAlUv url=https://o.avff.ru/play/ilook/a85e29a4d652d52a.m3u8?token=XtviAIL9nyGvAlUv
2026-05-12 22:51:30.795 [PLAYER_NET] onLoadCompleted type=4 trackType=-1 uri=https://o.avff.ru/play/ilook/a85e29a4d652d52a.m3u8?token=XtviAIL9nyGvAlUv bytes=1398 loadMs=388 headers={null=[HTTP/1.1 200 OK], Access-Control-Allow-Origin=[*], Cache-Control=[no-cache], Connection=[keep-alive], Content-Type=[text/plain; charset=utf-8], Date=[Tue, 12 May 2026 19:51:30 GMT], Server=[nginx/1.24.0 (Ubuntu)], Transfer-Encoding=[chunked], X-Android-Received-Millis=[1778615490775], X-Android-Response-Source=[NETWORK 200], X-Android-Selected-Protocol=[http/1.1], X-Android-Sent-Millis=[1778615490401]} url=https://o.avff.ru/play/ilook/a85e29a4d652d52a.m3u8?token=XtviAIL9nyGvAlUv
2026-05-12 22:51:33.589 [PLAYER_MEM] stage=periodic usedMb=37 totalMb=55 freeMb=18 maxMb=256 url=https://o.avff.ru/play/ilook/a85e29a4d652d52a.m3u8?token=XtviAIL9nyGvAlUv
2026-05-12 22:51:33.593 [PLAYER_PROGRESS] stage=periodic posMs=51400 bufferedPosMs=56776 totalBufferedMs=5376 isPlaying=false isLoading=true playWhenReady=true state=2 url=https://o.avff.ru/play/ilook/a85e29a4d652d52a.m3u8?token=XtviAIL9nyGvAlUv
2026-05-12 22:51:38.598 [PLAYER_MEM] stage=periodic usedMb=54 totalMb=58 freeMb=4 maxMb=256 url=https://o.avff.ru/play/ilook/a85e29a4d652d52a.m3u8?token=XtviAIL9nyGvAlUv
2026-05-12 22:51:38.600 [PLAYER_PROGRESS] stage=periodic posMs=51400 bufferedPosMs=57496 totalBufferedMs=6096 isPlaying=false isLoading=true playWhenReady=true state=2 url=https://o.avff.ru/play/ilook/a85e29a4d652d52a.m3u8?token=XtviAIL9nyGvAlUv
2026-05-12 22:51:41.401 [PLAYER_NET] onLoadStarted type=4 trackType=-1 uri=https://o.avff.ru/play/ilook/a85e29a4d652d52a.m3u8?token=XtviAIL9nyGvAlUv url=https://o.avff.ru/play/ilook/a85e29a4d652d52a.m3u8?token=XtviAIL9nyGvAlUv
2026-05-12 22:51:42.057 [PLAYER_NET] onLoadCompleted type=4 trackType=-1 uri=https://o.avff.ru/play/ilook/a85e29a4d652d52a.m3u8?token=XtviAIL9nyGvAlUv bytes=1398 loadMs=655 headers={null=[HTTP/1.1 200 OK], Access-Control-Allow-Origin=[*], Cache-Control=[no-cache], Connection=[keep-alive], Content-Type=[text/plain; charset=utf-8], Date=[Tue, 12 May 2026 19:51:41 GMT], Server=[nginx/1.24.0 (Ubuntu)], Transfer-Encoding=[chunked], X-Android-Received-Millis=[1778615502045], X-Android-Response-Source=[NETWORK 200], X-Android-Selected-Protocol=[http/1.1], X-Android-Sent-Millis=[1778615501400]} url=https://o.avff.ru/play/ilook/a85e29a4d652d52a.m3u8?token=XtviAIL9nyGvAlUv
2026-05-12 22:51:43.605 [PLAYER_MEM] stage=periodic usedMb=47 totalMb=64 freeMb=17 maxMb=256 url=https://o.avff.ru/play/ilook/a85e29a4d652d52a.m3u8?token=XtviAIL9nyGvAlUv
2026-05-12 22:51:43.611 [PLAYER_PROGRESS] stage=periodic posMs=51400 bufferedPosMs=59680 totalBufferedMs=8280 isPlaying=false isLoading=true playWhenReady=true state=2 url=https://o.avff.ru/play/ilook/a85e29a4d652d52a.m3u8?token=XtviAIL9nyGvAlUv
2026-05-12 22:51:46.903 [PLAYER_NET] onLoadStarted type=4 trackType=-1 uri=https://o.avff.ru/play/ilook/a85e29a4d652d52a.m3u8?token=XtviAIL9nyGvAlUv url=https://o.avff.ru/play/ilook/a85e29a4d652d52a.m3u8?token=XtviAIL9nyGvAlUv
2026-05-12 22:51:47.279 [PLAYER_NET] onLoadCompleted type=4 trackType=-1 uri=https://o.avff.ru/play/ilook/a85e29a4d652d52a.m3u8?token=XtviAIL9nyGvAlUv bytes=1401 loadMs=374 headers={null=[HTTP/1.1 200 OK], Access-Control-Allow-Origin=[*], Cache-Control=[no-cache], Connection=[keep-alive], Content-Type=[text/plain; charset=utf-8], Date=[Tue, 12 May 2026 19:51:47 GMT], Server=[nginx/1.24.0 (Ubuntu)], Transfer-Encoding=[chunked], X-Android-Received-Millis=[1778615507265], X-Android-Response-Source=[NETWORK 200], X-Android-Selected-Protocol=[http/1.1], X-Android-Sent-Millis=[1778615506904]} url=https://o.avff.ru/play/ilook/a85e29a4d652d52a.m3u8?token=XtviAIL9nyGvAlUv
2026-05-12 22:51:48.618 [PLAYER_MEM] stage=periodic usedMb=57 totalMb=69 freeMb=12 maxMb=256 url=https://o.avff.ru/play/ilook/a85e29a4d652d52a.m3u8?token=XtviAIL9nyGvAlUv
2026-05-12 22:51:48.623 [PLAYER_PROGRESS] stage=periodic posMs=41200 bufferedPosMs=51736 totalBufferedMs=10536 isPlaying=false isLoading=true playWhenReady=true state=2 url=https://o.avff.ru/play/ilook/a85e29a4d652d52a.m3u8?token=XtviAIL9nyGvAlUv
2026-05-12 22:51:48.871 [PLAYER_NET] onLoadCompleted type=1 trackType=0 uri=https://ott-prox.avff.ru/ilts/77.72.19.202/iptv/CKC66K2MLNKBGS/10021/1778615374000.ts?md5=eD23HRnnngEZwFAoKfS5bg bytes=17485504 loadMs=29467 headers={null=[HTTP/1.1 200 OK], Accept-Ranges=[bytes], Access-Control-Allow-Origin=[*], Connection=[keep-alive], Content-Length=[17485504], Content-Type=[video/mp2t], Date=[Tue, 12 May 2026 19:51:19 GMT], ETag=["6a038452-10acec0"], Last-Modified=[Tue, 12 May 2026 19:49:38 GMT], Server=[nginx/1.24.0 (Ubuntu)], X-Android-Received-Millis=[1778615480249], X-Android-Response-Source=[NETWORK 200], X-Android-Selected-Protocol=[http/1.1], X-Android-Sent-Millis=[1778615479803], X-Proxy-Cache=[MISS]} url=https://o.avff.ru/play/ilook/a85e29a4d652d52a.m3u8?token=XtviAIL9nyGvAlUv
2026-05-12 22:51:53.630 [PLAYER_MEM] stage=periodic usedMb=67 totalMb=73 freeMb=6 maxMb=256 url=https://o.avff.ru/play/ilook/a85e29a4d652d52a.m3u8?token=XtviAIL9nyGvAlUv
2026-05-12 22:51:53.636 [PLAYER_PROGRESS] stage=periodic posMs=41200 bufferedPosMs=51840 totalBufferedMs=10640 isPlaying=false isLoading=false playWhenReady=true state=2 url=https://o.avff.ru/play/ilook/a85e29a4d652d52a.m3u8?token=XtviAIL9nyGvAlUv
2026-05-12 22:51:57.911 [PLAYER_NET] onLoadStarted type=4 trackType=-1 uri=https://o.avff.ru/play/ilook/a85e29a4d652d52a.m3u8?token=XtviAIL9nyGvAlUv url=https://o.avff.ru/play/ilook/a85e29a4d652d52a.m3u8?token=XtviAIL9nyGvAlUv
